
  [39;41;1m FAIL [39;49;22m[39m Tests\Feature\FrontendNavigationTest[39m
  [31;1m⨯[39;22m[90m [39m[90madmin can access all dashboard sections[39m[90m                             [39m [90m0.51s[39m
  [31m────────────────────────────────────────────────────────────────────────────[39m
  [41;1m FAILED [49;22m [1mTests\Feature\FrontendNavigationTest[22m [90m>[39m admin can access all dashb…
[39;1m  Expected response status code [200] but received 302.
Failed asserting that 302 is identical to 200.[39;22m

  at [32mtests/Feature/FrontendNavigationTest.php[39m:[32m47[39m
     43▕         ];
     44▕
     45▕         foreach ($routes as $route) {
     46▕             $response = $this->get(route($route));
  ➜  47▕             $response->assertStatus(200);
     48▕         }
     49▕     }
     50▕ }
     51▕


  [90mTests:[39m    [31;1m1 failed[39;22m[90m (1 assertions)[39m
  [90mDuration:[39m [39m0.68s[39m
